// Jest Snapshot v1, https://goo.gl/fbAQLP

exports[`Dashboard component renders correctly 1`] = `
<DocumentFragment>
  <div
    class="dashboard-page"
  >
    <h1>
      's Dashboard
    </h1>
    <div
      class="dashboard"
    >
      <div
        class="task-summary"
      >
        <h2
          class="task-summary-heading"
        >
          <a
            class="task-summary-link"
            href="/your-tasks"
          >
            Your Tasks
          </a>
        </h2>
        <div
          class="high-priority-summary"
        >
          <h3
            class="priority-summary-heading"
          >
            High Priority
          </h3>
          0
        </div>
        <div
          class="medium-priority-summary"
        >
          <h3
            class="priority-summary-heading"
          >
            Medium Priority
          </h3>
          0
        </div>
        <div
          class="low-priority-summary"
        >
          <h3
            class="priority-summary-heading"
          >
            Low Priority
          </h3>
          0
        </div>
      </div>
    </div>
    <div
      class="dashboard"
    >
      <div
        class="task-summary"
      >
        <h2
          class="task-summary-heading"
        >
          <a
            class="task-summary-link"
            href="/assigned-by-you"
          >
            Assigned By You
          </a>
        </h2>
        <div
          class="high-priority-summary"
        >
          <h3
            class="priority-summary-heading"
          >
            High Priority
          </h3>
          0
        </div>
        <div
          class="medium-priority-summary"
        >
          <h3
            class="priority-summary-heading"
          >
            Medium Priority
          </h3>
          0
        </div>
        <div
          class="low-priority-summary"
        >
          <h3
            class="priority-summary-heading"
          >
            Low Priority
          </h3>
          0
        </div>
      </div>
    </div>
    <div
      class="dashboard"
    >
      <div
        class="task-summary"
      >
        <h2
          class="task-summary-heading"
        >
          <a
            class="task-summary-link"
            href="/due-soon"
          >
            Due Soon
          </a>
        </h2>
        <div
          class="high-priority-summary"
        >
          <h3
            class="priority-summary-heading"
          >
            High Priority
          </h3>
          0
        </div>
        <div
          class="medium-priority-summary"
        >
          <h3
            class="priority-summary-heading"
          >
            Medium Priority
          </h3>
          0
        </div>
        <div
          class="low-priority-summary"
        >
          <h3
            class="priority-summary-heading"
          >
            Low Priority
          </h3>
          0
        </div>
      </div>
    </div>
  </div>
</DocumentFragment>
`;
